->)error in set icon on frame->frame.setIconImage(img.getImage());